U_V,U_mV,I_A,I_mA,I_uA,t
-0.049923626845647245,-49.92362684564725,-8.653840021198004e-07,-0.0008653840021198004,-0.8653840021198004,
-0.049923626845647245,-49.92362684564725,-8.653840021198004e-07,-0.0008653840021198004,-0.8653840021198004,0.0
