{"figure description": {"type": "digitized", "measurement type": "CV", "scan rate": {"value": 50.0, "unit": "mV / s"}, "potential scale": {"unit": "V", "reference": "unknown"}, "current": {"unit": "uA / cm2"}, "comment": ""}}