{"version": 1, "source": {"doi": "https://doi.org/10.1016/0039-6028(85)90985-9", "bib": "Beden_1985_Voltammetric_833", "figure": "2b", "curve": "First cycle"}, "curator": {"name": "Albert Engstfeld", "orcid": "https://orcid.org/0000-0002-9686-3948", "digitized": 